---
source: tests/tests/core/leave_game_tests.rs
assertion_line: 31
expression: "Summary::run(&response)"
---

command_list: 
    UpdateGameView: 
        user: 
            side: Overlord
            player_info: 
            valid_rooms_to_visit: 
            mana: 999
            action_tracker: 3
            score: 0
            can_take_action: false
        opponent: 
            side: Champion
            player_info: 
            valid_rooms_to_visit: 
            mana: 999
            action_tracker: 0
            score: 0
            can_take_action: false
        raid_active: false
        game_object_positions: 
            user_deck: 
                sorting_key: 1
                position: ObjectPositionDeckContainer { owner: User }
            opponent_deck: 
                sorting_key: 1
                position: ObjectPositionDeckContainer { owner: Opponent }
            user_leader: 
                sorting_key: 1
                position: ObjectPositionLeaderContainer { owner: User }
            opponent_leader: 
                sorting_key: 1
                position: ObjectPositionLeaderContainer { owner: Opponent }
            user_discard: 
                sorting_key: 1
                position: ObjectPositionDiscardPileContainer { owner: User }
            opponent_discard: 
                sorting_key: 1
                position: ObjectPositionDiscardPileContainer { owner: Opponent }
    cards: 
    UpdateGameView: 
        user: 
            side: Overlord
            player_info: 
            valid_rooms_to_visit: 
            mana: 999
            action_tracker: 3
            score: 0
            can_take_action: false
        opponent: 
            side: Champion
            player_info: 
            valid_rooms_to_visit: 
            mana: 999
            action_tracker: 0
            score: 0
            can_take_action: false
        raid_active: false
        game_object_positions: 
            user_deck: 
                sorting_key: 1
                position: ObjectPositionDeckContainer { owner: User }
            opponent_deck: 
                sorting_key: 1
                position: ObjectPositionDeckContainer { owner: Opponent }
            user_leader: 
                sorting_key: 1
                position: ObjectPositionLeaderContainer { owner: User }
            opponent_leader: 
                sorting_key: 1
                position: ObjectPositionLeaderContainer { owner: Opponent }
            user_discard: 
                sorting_key: 1
                position: ObjectPositionDiscardPileContainer { owner: User }
            opponent_discard: 
                sorting_key: 1
                position: ObjectPositionDiscardPileContainer { owner: Opponent }
    cards: 
    SetGameObjectsEnabled: 
        game_objects_enabled: false
    DisplayGameMessage: Defeat
    TogglePanel: "<TogglePanelCommand>"
channel_response: 
    UpdateGameView: 
        user: 
            side: Champion
            player_info: 
            valid_rooms_to_visit: 
            mana: 999
            action_tracker: 0
            score: 0
            can_take_action: false
        opponent: 
            side: Overlord
            player_info: 
            valid_rooms_to_visit: 
            mana: 999
            action_tracker: 3
            score: 0
            can_take_action: false
        raid_active: false
        game_object_positions: 
            user_deck: 
                sorting_key: 1
                position: ObjectPositionDeckContainer { owner: User }
            opponent_deck: 
                sorting_key: 1
                position: ObjectPositionDeckContainer { owner: Opponent }
            user_leader: 
                sorting_key: 1
                position: ObjectPositionLeaderContainer { owner: User }
            opponent_leader: 
                sorting_key: 1
                position: ObjectPositionLeaderContainer { owner: Opponent }
            user_discard: 
                sorting_key: 1
                position: ObjectPositionDiscardPileContainer { owner: User }
            opponent_discard: 
                sorting_key: 1
                position: ObjectPositionDiscardPileContainer { owner: Opponent }
    cards: 
    UpdateGameView: 
        user: 
            side: Champion
            player_info: 
            valid_rooms_to_visit: 
            mana: 999
            action_tracker: 0
            score: 0
            can_take_action: false
        opponent: 
            side: Overlord
            player_info: 
            valid_rooms_to_visit: 
            mana: 999
            action_tracker: 3
            score: 0
            can_take_action: false
        raid_active: false
        game_object_positions: 
            user_deck: 
                sorting_key: 1
                position: ObjectPositionDeckContainer { owner: User }
            opponent_deck: 
                sorting_key: 1
                position: ObjectPositionDeckContainer { owner: Opponent }
            user_leader: 
                sorting_key: 1
                position: ObjectPositionLeaderContainer { owner: User }
            opponent_leader: 
                sorting_key: 1
                position: ObjectPositionLeaderContainer { owner: Opponent }
            user_discard: 
                sorting_key: 1
                position: ObjectPositionDiscardPileContainer { owner: User }
            opponent_discard: 
                sorting_key: 1
                position: ObjectPositionDiscardPileContainer { owner: Opponent }
    cards: 
    SetGameObjectsEnabled: 
        game_objects_enabled: false
    DisplayGameMessage: Victory
    TogglePanel: "<TogglePanelCommand>"
